---
source: decompiler/src/x86_to_mil/callconv.rs
expression: snap
---
params: [TypeID(5v1)]
program:
ssa program  49 instrs
.B0:    ;;  â†’ Always(Return).
         r0 <- Ancestral(AncestralName("stack_bottom"))
         r1 <- Ancestral(AncestralName("CF"))
         r2 <- Ancestral(AncestralName("PF"))
         r3 <- Ancestral(AncestralName("AF"))
         r4 <- Ancestral(AncestralName("ZF"))
         r5 <- Ancestral(AncestralName("SF"))
         r6 <- Ancestral(AncestralName("TF"))
         r7 <- Ancestral(AncestralName("IF"))
         r8 <- Ancestral(AncestralName("DF"))
         r9 <- Ancestral(AncestralName("OF"))
         r10 <- Ancestral(AncestralName("RBP"))
         r11 <- Ancestral(AncestralName("RSP"))
         r12 <- Ancestral(AncestralName("RIP"))
         r13 <- Ancestral(AncestralName("RDI"))
         r14 <- Ancestral(AncestralName("RSI"))
         r15 <- Ancestral(AncestralName("RAX"))
         r16 <- Ancestral(AncestralName("RBX"))
         r17 <- Ancestral(AncestralName("RCX"))
         r18 <- Ancestral(AncestralName("RDX"))
         r19 <- Ancestral(AncestralName("R8"))
         r20 <- Ancestral(AncestralName("R9"))
         r21 <- Ancestral(AncestralName("R10"))
         r22 <- Ancestral(AncestralName("R11"))
         r23 <- Ancestral(AncestralName("R12"))
         r24 <- Ancestral(AncestralName("R13"))
         r25 <- Ancestral(AncestralName("R14"))
         r26 <- Ancestral(AncestralName("R15"))
         r27 <- Ancestral(AncestralName("ZMM0"))
         r28 <- Ancestral(AncestralName("ZMM1"))
         r29 <- Ancestral(AncestralName("ZMM2"))
         r30 <- Ancestral(AncestralName("ZMM3"))
         r31 <- Ancestral(AncestralName("ZMM4"))
         r32 <- Ancestral(AncestralName("ZMM5"))
         r33 <- Ancestral(AncestralName("ZMM6"))
         r34 <- Ancestral(AncestralName("ZMM7"))
         r35 <- Ancestral(AncestralName("ZMM8"))
         r36 <- Ancestral(AncestralName("ZMM9"))
         r37 <- Ancestral(AncestralName("ZMM10"))
         r38 <- Ancestral(AncestralName("ZMM11"))
         r39 <- Ancestral(AncestralName("ZMM12"))
         r40 <- Ancestral(AncestralName("ZMM13"))
         r41 <- Ancestral(AncestralName("ZMM14"))
         r42 <- Ancestral(AncestralName("ZMM15"))
         r43 <- Ancestral(AncestralName("memory"))
         r44 <- Ancestral(AncestralName("arg0"))
  (  2)  r45 <- Widen { reg: r44, target_size: 8, sign: false }
         r46 <- Get(r45)
         r47 <- SetReturnValue(r45)
         r48 <- Control(Ret)
