---
source: decompiler/tests/test_tool.rs
expression: out
---
 --- mil
program  78 instrs
    0 r12 <- Ancestral { anc_name: AncestralName("stack_bottom"), reg_type: Bytes(8) }
    1 r3 <- Ancestral { anc_name: AncestralName("PF"), reg_type: Bool }
    2 r4 <- Ancestral { anc_name: AncestralName("AF"), reg_type: Bool }
    3 r5 <- Ancestral { anc_name: AncestralName("ZF"), reg_type: Bool }
    4 r6 <- Ancestral { anc_name: AncestralName("SF"), reg_type: Bool }
    5 r7 <- Ancestral { anc_name: AncestralName("TF"), reg_type: Bool }
    6 r8 <- Ancestral { anc_name: AncestralName("IF"), reg_type: Bool }
    7 r9 <- Ancestral { anc_name: AncestralName("DF"), reg_type: Bool }
    8 r10 <- Ancestral { anc_name: AncestralName("OF"), reg_type: Bool }
    9 r11 <- Ancestral { anc_name: AncestralName("RBP"), reg_type: Bytes(8) }
   10 r12 <- Ancestral { anc_name: AncestralName("RSP"), reg_type: Bytes(8) }
   11 r13 <- Ancestral { anc_name: AncestralName("RIP"), reg_type: Bytes(8) }
   12 r14 <- Ancestral { anc_name: AncestralName("RDI"), reg_type: Bytes(8) }
   13 r15 <- Ancestral { anc_name: AncestralName("RSI"), reg_type: Bytes(8) }
   14 r16 <- Ancestral { anc_name: AncestralName("RAX"), reg_type: Bytes(8) }
   15 r17 <- Ancestral { anc_name: AncestralName("RBX"), reg_type: Bytes(8) }
   16 r18 <- Ancestral { anc_name: AncestralName("RCX"), reg_type: Bytes(8) }
   17 r19 <- Ancestral { anc_name: AncestralName("RDX"), reg_type: Bytes(8) }
   18 r20 <- Ancestral { anc_name: AncestralName("R8"), reg_type: Bytes(8) }
   19 r21 <- Ancestral { anc_name: AncestralName("R9"), reg_type: Bytes(8) }
   20 r22 <- Ancestral { anc_name: AncestralName("R10"), reg_type: Bytes(8) }
   21 r23 <- Ancestral { anc_name: AncestralName("R11"), reg_type: Bytes(8) }
   22 r24 <- Ancestral { anc_name: AncestralName("R12"), reg_type: Bytes(8) }
   23 r25 <- Ancestral { anc_name: AncestralName("R13"), reg_type: Bytes(8) }
   24 r26 <- Ancestral { anc_name: AncestralName("R14"), reg_type: Bytes(8) }
   25 r27 <- Ancestral { anc_name: AncestralName("R15"), reg_type: Bytes(8) }
   26 r28 <- Ancestral { anc_name: AncestralName("ZMM0"), reg_type: Bytes(64) }
   27 r29 <- Ancestral { anc_name: AncestralName("ZMM1"), reg_type: Bytes(64) }
   28 r30 <- Ancestral { anc_name: AncestralName("ZMM2"), reg_type: Bytes(64) }
   29 r31 <- Ancestral { anc_name: AncestralName("ZMM3"), reg_type: Bytes(64) }
   30 r32 <- Ancestral { anc_name: AncestralName("ZMM4"), reg_type: Bytes(64) }
   31 r33 <- Ancestral { anc_name: AncestralName("ZMM5"), reg_type: Bytes(64) }
   32 r34 <- Ancestral { anc_name: AncestralName("ZMM6"), reg_type: Bytes(64) }
   33 r35 <- Ancestral { anc_name: AncestralName("ZMM7"), reg_type: Bytes(64) }
   34 r36 <- Ancestral { anc_name: AncestralName("ZMM8"), reg_type: Bytes(64) }
   35 r37 <- Ancestral { anc_name: AncestralName("ZMM9"), reg_type: Bytes(64) }
   36 r38 <- Ancestral { anc_name: AncestralName("ZMM10"), reg_type: Bytes(64) }
   37 r39 <- Ancestral { anc_name: AncestralName("ZMM11"), reg_type: Bytes(64) }
   38 r40 <- Ancestral { anc_name: AncestralName("ZMM12"), reg_type: Bytes(64) }
   39 r41 <- Ancestral { anc_name: AncestralName("ZMM13"), reg_type: Bytes(64) }
   40 r42 <- Ancestral { anc_name: AncestralName("ZMM14"), reg_type: Bytes(64) }
   41 r43 <- Ancestral { anc_name: AncestralName("ZMM15"), reg_type: Bytes(64) }
   42 r45 <- Ancestral { anc_name: AncestralName("arg0"), reg_type: Bytes(8) }
   43 r14 <- Get(r45)
   44 r46 <- Ancestral { anc_name: AncestralName("arg1"), reg_type: Bytes(8) }
   45 r15 <- Get(r46)
   46 r47 <- Ancestral { anc_name: AncestralName("arg2"), reg_type: Bytes(8) }
   47 r19 <- Get(r47)
   48 r48 <- Ancestral { anc_name: AncestralName("arg3"), reg_type: Bytes(8) }
   49 r18 <- Get(r48)
   50 r49 <- Ancestral { anc_name: AncestralName("arg4"), reg_type: Bytes(16) }
   51 r50 <- Part { src: r49, offset: 0, size: 8 }
   52 r20 <- Get(r50)
   53 r51 <- Part { src: r49, offset: 8, size: 8 }
   54 r21 <- Get(r51)
   55 r52 <- Ancestral { anc_name: AncestralName("arg5"), reg_type: Bytes(32) }
   56 r54 <- Part { src: r52, offset: 0, size: 8 }
   57 r53 <- ArithK(Add, r12, 8)
   58 r53 <- StoreMem { addr: r53, value: r54 }
   59 r54 <- Part { src: r52, offset: 8, size: 8 }
   60 r53 <- ArithK(Add, r12, 16)
   61 r53 <- StoreMem { addr: r53, value: r54 }
   62 r54 <- Part { src: r52, offset: 16, size: 8 }
   63 r53 <- ArithK(Add, r12, 24)
   64 r53 <- StoreMem { addr: r53, value: r54 }
   65 r54 <- Part { src: r52, offset: 24, size: 8 }
   66 r53 <- ArithK(Add, r12, 32)
   67 r53 <- StoreMem { addr: r53, value: r54 }
0x4013b7:
   68 r46 <- Const { value: 35, size: 8 }
   69 r46 <- Arith(Add, r46, r12)
   70 r45 <- LoadMem { addr: r46, size: 1 }
   71 r47 <- Part { src: r16, offset: 1, size: 7 }
   72 r16 <- Concat { lo: r45, hi: r47 }
0x4013bb:
   73 r45 <- Void
   74 r45 <- Concat { lo: r45, hi: r16 }
   75 r45 <- Part { src: r45, offset: 0, size: 1 }
   76 r47 <- SetReturnValue(r45)
   77 r47 <- Control(Ret)


 --- ssa pre-xform
ssa program  78 instrs
.B0:    ;;  → Always(Return).
  (  5)  r10 <- Ancestral { anc_name: AncestralName("RSP"), reg_type: Bytes(8) }
         r14 <- Ancestral { anc_name: AncestralName("RAX"), reg_type: Bytes(8) }
  (  4)  r55 <- Ancestral { anc_name: AncestralName("arg5"), reg_type: Bytes(32) }
         r56 <- Part { src: r55, offset: 0, size: 8 }
         r57 <- ArithK(Add, r10, 8)
         r58 <- StoreMem { addr: r57, value: r56 }
         r59 <- Part { src: r55, offset: 8, size: 8 }
         r60 <- ArithK(Add, r10, 16)
         r61 <- StoreMem { addr: r60, value: r59 }
         r62 <- Part { src: r55, offset: 16, size: 8 }
         r63 <- ArithK(Add, r10, 24)
         r64 <- StoreMem { addr: r63, value: r62 }
         r65 <- Part { src: r55, offset: 24, size: 8 }
         r66 <- ArithK(Add, r10, 32)
         r67 <- StoreMem { addr: r66, value: r65 }
         r68 <- Const { value: 35, size: 8 }
         r69 <- Arith(Add, r68, r10)
         r70 <- LoadMem { addr: r69, size: 1 }
         r71 <- Part { src: r14, offset: 1, size: 7 }
         r72 <- Concat { lo: r70, hi: r71 }
         r74 <- Concat { lo: r73, hi: r72 }
         r75 <- Part { src: r74, offset: 0, size: 1 }
         r76 <- SetReturnValue(r75)


 --- cfg
  entry: BlockID(0)
  BlockID(0) -> Always(Return) [r10, r55, r57, r58, r59, r60, r61, r62, r63, r64, r65, r66, r67, r79, r76]
  domtree:
    BlockID(0)

 --- ssa
ssa program  83 instrs
.B0:    ;;  → Always(Return).
  (  4)  r10 <- Ancestral { anc_name: AncestralName("RSP"), reg_type: Bytes(8) }
  (  5)  r55 <- Ancestral { anc_name: AncestralName("arg5"), reg_type: Bytes(32) }
         r57 <- ArithK(Add, r10, 8)
         r58 <- StoreMem { addr: r57, value: r55 }
         r59 <- StructGetMember { struct_value: r55, name: "member1", size: 32 }
         r60 <- ArithK(Add, r10, 16)
         r61 <- StoreMem { addr: r60, value: r59 }
         r62 <- Part { src: r55, offset: 16, size: 8 }
         r63 <- ArithK(Add, r10, 24)
         r64 <- StoreMem { addr: r63, value: r62 }
         r65 <- Part { src: r55, offset: 24, size: 8 }
         r66 <- ArithK(Add, r10, 32)
         r67 <- StoreMem { addr: r66, value: r65 }
         r79 <- Part { src: r55, offset: 27, size: 1 }
         r76 <- SetReturnValue(r79)


 --- ast

T0: {
  [pre:RSP + 8]:* := pre:arg5;
  [pre:RSP + 16]:* := pre:arg5.member1;
  [pre:RSP + 24]:* := pre:arg5[24 .. 16];
  [pre:RSP + 32]:* := pre:arg5[32 .. 24];
  ;
  return pre:arg5[28 .. 27]
}
