---
source: decompiler/tests/test_tool.rs
expression: out
---
func111 0x401343+6 (file 0x1343)
          401343: 0f b7 44 24 08          movzx eax,word ptr [rsp+8]
          401348: c3                      ret

function type: "func111" func (arg0 *void <TypeID(1v1)>,
                               arg1 *void <TypeID(1v1)>,
                               arg2 *void <TypeID(1v1)>,
                               arg3 *void <TypeID(1v1)>,
                               arg4 small <TypeID(784v1)>,
                               arg5 short <TypeID(779v1)>) short <TypeID(779v1)>
0 warnings.


mil program = 
program  88 instrs
                 0 r12 <- Ancestral(AncestralName("stack_bottom"))
                 1 r2 <- Ancestral(AncestralName("CF"))
                 2 r3 <- Ancestral(AncestralName("PF"))
                 3 r4 <- Ancestral(AncestralName("AF"))
                 4 r5 <- Ancestral(AncestralName("ZF"))
                 5 r6 <- Ancestral(AncestralName("SF"))
                 6 r7 <- Ancestral(AncestralName("TF"))
                 7 r8 <- Ancestral(AncestralName("IF"))
                 8 r9 <- Ancestral(AncestralName("DF"))
                 9 r10 <- Ancestral(AncestralName("OF"))
                10 r11 <- Ancestral(AncestralName("RBP"))
                11 r12 <- Ancestral(AncestralName("RSP"))
                12 r13 <- Ancestral(AncestralName("RIP"))
                13 r14 <- Ancestral(AncestralName("RDI"))
                14 r15 <- Ancestral(AncestralName("RSI"))
                15 r16 <- Ancestral(AncestralName("RAX"))
                16 r17 <- Ancestral(AncestralName("RBX"))
                17 r18 <- Ancestral(AncestralName("RCX"))
                18 r19 <- Ancestral(AncestralName("RDX"))
                19 r20 <- Ancestral(AncestralName("R8"))
                20 r21 <- Ancestral(AncestralName("R9"))
                21 r22 <- Ancestral(AncestralName("R10"))
                22 r23 <- Ancestral(AncestralName("R11"))
                23 r24 <- Ancestral(AncestralName("R12"))
                24 r25 <- Ancestral(AncestralName("R13"))
                25 r26 <- Ancestral(AncestralName("R14"))
                26 r27 <- Ancestral(AncestralName("R15"))
                27 r28 <- Ancestral(AncestralName("ZMM0"))
                28 r29 <- Ancestral(AncestralName("ZMM1"))
                29 r30 <- Ancestral(AncestralName("ZMM2"))
                30 r31 <- Ancestral(AncestralName("ZMM3"))
                31 r32 <- Ancestral(AncestralName("ZMM4"))
                32 r33 <- Ancestral(AncestralName("ZMM5"))
                33 r34 <- Ancestral(AncestralName("ZMM6"))
                34 r35 <- Ancestral(AncestralName("ZMM7"))
                35 r36 <- Ancestral(AncestralName("ZMM8"))
                36 r37 <- Ancestral(AncestralName("ZMM9"))
                37 r38 <- Ancestral(AncestralName("ZMM10"))
                38 r39 <- Ancestral(AncestralName("ZMM11"))
                39 r40 <- Ancestral(AncestralName("ZMM12"))
                40 r41 <- Ancestral(AncestralName("ZMM13"))
                41 r42 <- Ancestral(AncestralName("ZMM14"))
                42 r43 <- Ancestral(AncestralName("ZMM15"))
                43 r44 <- Ancestral(AncestralName("memory"))
                44 r45 <- Undefined
                45 r46 <- Undefined
                46 r47 <- Undefined
                47 r48 <- Undefined
                48 r49 <- Undefined
                49 r50 <- Undefined
                50 r51 <- Undefined
                51 r52 <- Undefined
                52 r53 <- Undefined
                53 r54 <- Undefined
                54 r55 <- Undefined
                55 r56 <- Undefined
                56 r57 <- Undefined
                57 r58 <- Undefined
                58 r59 <- Undefined
                59 r60 <- Undefined
                60 r61 <- Undefined
                61 r62 <- Undefined
                62 r63 <- Undefined
                63 r64 <- Undefined
                64 r65 <- Undefined
                65 r45 <- Ancestral(AncestralName("arg0"))
                66 r14 <- Get(r45)
                67 r46 <- Ancestral(AncestralName("arg1"))
                68 r15 <- Get(r46)
                69 r47 <- Ancestral(AncestralName("arg2"))
                70 r19 <- Get(r47)
                71 r48 <- Ancestral(AncestralName("arg3"))
                72 r18 <- Get(r48)
                73 r49 <- Ancestral(AncestralName("arg4"))
                74 r50 <- Part { src: r49, offset: 0, size: 8 }
                75 r20 <- Get(r50)
                76 r51 <- Part { src: r49, offset: 8, size: 8 }
                77 r21 <- Get(r51)
                78 r52 <- Ancestral(AncestralName("arg5"))
                79 r54 <- Part { src: r52, offset: 0, size: 2 }
                80 r53 <- ArithK(Add, r12, 8)
                81 r44 <- StoreMem { mem: r44, addr: r53, value: r54 }
0x401343:
                82 r45 <- NotYetImplemented("unsupported: movzx eax,word ptr [rsp+8]")
0x401348:
                83 r45 <- Void
                84 r45 <- Concat { lo: r45, hi: r16 }
                85 r45 <- Part { src: r45, offset: 0, size: 2 }
                86 r47 <- SetReturnValue(r45)
                87 r47 <- Control(Ret)


ssa pre-xform:
ssa program  88 instrs
.B0:    ;;  → Always(Return).
         r11 <- Ancestral(AncestralName("RSP"))
         r15 <- Ancestral(AncestralName("RAX"))
         r43 <- Ancestral(AncestralName("memory"))
         r78 <- Ancestral(AncestralName("arg5"))
         r79 <- Part { src: r78, offset: 0, size: 2 }
         r80 <- ArithK(Add, r11, 8)
         r81 <- StoreMem { mem: r43, addr: r80, value: r79 }
         r82 <- NotYetImplemented("unsupported: movzx eax,word ptr [rsp+8]")
         r84 <- Concat { lo: r83, hi: r15 }
         r85 <- Part { src: r84, offset: 0, size: 2 }
         r86 <- SetReturnValue(r85)


cfg:
  entry: BlockID(0)
  BlockID(0) -> Always(Return) [r11, r15, r43, r78, r79, r80, r81, r82, r83, r84, r85, r86]
  domtree:
    BlockID(0)

ssa post-xform:
ssa program  88 instrs
.B0:    ;;  → Always(Return).
         r11 <- Ancestral(AncestralName("RSP"))
         r15 <- Ancestral(AncestralName("RAX"))
         r43 <- Ancestral(AncestralName("memory"))
         r78 <- Ancestral(AncestralName("arg5"))
         r80 <- ArithK(Add, r11, 8)
         r81 <- StoreMem { mem: r43, addr: r80, value: r78 }
         r82 <- NotYetImplemented("unsupported: movzx eax,word ptr [rsp+8]")
         r85 <- Part { src: r15, offset: 0, size: 2 }
         r86 <- SetReturnValue(r85)



T0: {
  [pre:RSP + 8]:* := pre:arg5;
  TODO /* unsupported: movzx eax,word ptr [rsp+8] */;
  ;
  return pre:RAX[2 .. 0]
}
