---
source: decompiler/tests/test_tool.rs
expression: out
---
func080 0x40128b+21 (file 0x128b)
          40128b: 48 89 f8                mov rax,rdi
          40128e: 0f 28 44 24 08          movaps xmm0,[rsp+8]
          401293: 0f 28 4c 24 18          movaps xmm1,[rsp+18h]
          401298: 0f 11 4f 10             movups [rdi+10h],xmm1
          40129c: 0f 11 07                movups [rdi],xmm0
          40129f: c3                      ret

function type: "func080" func (arg0 *void <TypeID(1v1)>,
                               arg1 *void <TypeID(1v1)>,
                               arg2 small <TypeID(784v1)>,
                               arg3 big <TypeID(794v1)>) big <TypeID(794v1)>
2 warnings:
  #   0: while applying the calling convention for parameters
           <- type has no alignment?
  #   1: decoding return value
           <- type has no alignment?


mil program = 
program  85 instrs
                 0 r12 <- Ancestral(AncestralName("stack_bottom"))
                 1 r2 <- Ancestral(AncestralName("CF"))
                 2 r3 <- Ancestral(AncestralName("PF"))
                 3 r4 <- Ancestral(AncestralName("AF"))
                 4 r5 <- Ancestral(AncestralName("ZF"))
                 5 r6 <- Ancestral(AncestralName("SF"))
                 6 r7 <- Ancestral(AncestralName("TF"))
                 7 r8 <- Ancestral(AncestralName("IF"))
                 8 r9 <- Ancestral(AncestralName("DF"))
                 9 r10 <- Ancestral(AncestralName("OF"))
                10 r11 <- Ancestral(AncestralName("RBP"))
                11 r12 <- Ancestral(AncestralName("RSP"))
                12 r13 <- Ancestral(AncestralName("RIP"))
                13 r14 <- Ancestral(AncestralName("RDI"))
                14 r15 <- Ancestral(AncestralName("RSI"))
                15 r16 <- Ancestral(AncestralName("RAX"))
                16 r17 <- Ancestral(AncestralName("RBX"))
                17 r18 <- Ancestral(AncestralName("RCX"))
                18 r19 <- Ancestral(AncestralName("RDX"))
                19 r20 <- Ancestral(AncestralName("R8"))
                20 r21 <- Ancestral(AncestralName("R9"))
                21 r22 <- Ancestral(AncestralName("R10"))
                22 r23 <- Ancestral(AncestralName("R11"))
                23 r24 <- Ancestral(AncestralName("R12"))
                24 r25 <- Ancestral(AncestralName("R13"))
                25 r26 <- Ancestral(AncestralName("R14"))
                26 r27 <- Ancestral(AncestralName("R15"))
                27 r28 <- Ancestral(AncestralName("ZMM0"))
                28 r29 <- Ancestral(AncestralName("ZMM1"))
                29 r30 <- Ancestral(AncestralName("ZMM2"))
                30 r31 <- Ancestral(AncestralName("ZMM3"))
                31 r32 <- Ancestral(AncestralName("ZMM4"))
                32 r33 <- Ancestral(AncestralName("ZMM5"))
                33 r34 <- Ancestral(AncestralName("ZMM6"))
                34 r35 <- Ancestral(AncestralName("ZMM7"))
                35 r36 <- Ancestral(AncestralName("ZMM8"))
                36 r37 <- Ancestral(AncestralName("ZMM9"))
                37 r38 <- Ancestral(AncestralName("ZMM10"))
                38 r39 <- Ancestral(AncestralName("ZMM11"))
                39 r40 <- Ancestral(AncestralName("ZMM12"))
                40 r41 <- Ancestral(AncestralName("ZMM13"))
                41 r42 <- Ancestral(AncestralName("ZMM14"))
                42 r43 <- Ancestral(AncestralName("ZMM15"))
                43 r45 <- Undefined
                44 r46 <- Undefined
                45 r47 <- Undefined
                46 r48 <- Undefined
                47 r49 <- Undefined
                48 r50 <- Undefined
                49 r51 <- Undefined
                50 r52 <- Undefined
                51 r53 <- Undefined
                52 r54 <- Undefined
                53 r55 <- Undefined
                54 r56 <- Undefined
                55 r57 <- Undefined
                56 r58 <- Undefined
                57 r59 <- Undefined
                58 r60 <- Undefined
                59 r61 <- Undefined
                60 r62 <- Undefined
                61 r63 <- Undefined
                62 r64 <- Undefined
                63 r65 <- Undefined
0x40128b:
                64 r16 <- Get(r14)
0x40128e:
                65 r46 <- Const { value: 8, size: 8 }
                66 r46 <- Arith(Add, r46, r12)
                67 r45 <- LoadMem { addr: r46, size: 16 }
                68 r47 <- Part { src: r28, offset: 16, size: 48 }
                69 r28 <- Concat { lo: r45, hi: r47 }
0x401293:
                70 r46 <- Const { value: 24, size: 8 }
                71 r46 <- Arith(Add, r46, r12)
                72 r45 <- LoadMem { addr: r46, size: 16 }
                73 r47 <- Part { src: r29, offset: 16, size: 48 }
                74 r29 <- Concat { lo: r45, hi: r47 }
0x401298:
                75 r46 <- Part { src: r29, offset: 0, size: 16 }
                76 r47 <- Const { value: 16, size: 8 }
                77 r47 <- Arith(Add, r47, r14)
                78 r47 <- StoreMem { addr: r47, value: r46 }
0x40129c:
                79 r46 <- Part { src: r28, offset: 0, size: 16 }
                80 r47 <- Const { value: 0, size: 8 }
                81 r47 <- Arith(Add, r47, r14)
                82 r47 <- StoreMem { addr: r47, value: r46 }
0x40129f:
                83 r46 <- SetReturnValue(r16)
                84 r46 <- Control(Ret)


ssa pre-xform:
ssa program  85 instrs
.B0:    ;;  → Always(Return).
  (  2)  r11 <- Ancestral(AncestralName("RSP"))
  (  3)  r13 <- Ancestral(AncestralName("RDI"))
         r27 <- Ancestral(AncestralName("ZMM0"))
         r28 <- Ancestral(AncestralName("ZMM1"))
         r65 <- Const { value: 8, size: 8 }
         r66 <- Arith(Add, r65, r11)
         r67 <- LoadMem { addr: r66, size: 16 }
         r68 <- Part { src: r27, offset: 16, size: 48 }
         r69 <- Concat { lo: r67, hi: r68 }
         r70 <- Const { value: 24, size: 8 }
         r71 <- Arith(Add, r70, r11)
         r72 <- LoadMem { addr: r71, size: 16 }
         r73 <- Part { src: r28, offset: 16, size: 48 }
         r74 <- Concat { lo: r72, hi: r73 }
         r75 <- Part { src: r74, offset: 0, size: 16 }
         r76 <- Const { value: 16, size: 8 }
         r77 <- Arith(Add, r76, r13)
         r78 <- StoreMem { addr: r77, value: r75 }
         r79 <- Part { src: r69, offset: 0, size: 16 }
         r80 <- Const { value: 0, size: 8 }
         r81 <- Arith(Add, r80, r13)
         r82 <- StoreMem { addr: r81, value: r79 }
         r83 <- SetReturnValue(r13)


cfg:
  entry: BlockID(0)
  BlockID(0) -> Always(Return) [r11, r13, r27, r28, r65, r66, r67, r68, r69, r70, r71, r72, r73, r74, r75, r76, r77, r78, r79, r80, r81, r82, r83]
  domtree:
    BlockID(0)

ssa post-xform:
ssa program  85 instrs
.B0:    ;;  → Always(Return).
  (  2)  r11 <- Ancestral(AncestralName("RSP"))
  (  3)  r13 <- Ancestral(AncestralName("RDI"))
         r66 <- ArithK(Add, r11, 8)
         r67 <- LoadMem { addr: r66, size: 16 }
         r71 <- ArithK(Add, r11, 24)
         r72 <- LoadMem { addr: r71, size: 16 }
         r77 <- ArithK(Add, r13, 16)
         r78 <- StoreMem { addr: r77, value: r72 }
         r82 <- StoreMem { addr: r13, value: r67 }
         r83 <- SetReturnValue(r13)



T0: {
  [pre:RDI + 16]:* := [pre:RSP + 24]:16;
  [pre:RDI]:* := [pre:RSP + 8]:16;
  ;
  return pre:RDI
}
