---
source: decompiler/tests/test_tool.rs
expression: out
---
func011 0x401136+1 (file 0x1136)
          401136: c3                      ret

function type: "func011" func (arg0 small_xmms <TypeID(791v1)>) small_xmms <TypeID(791v1)>
0 warnings.


mil program = 
program  80 instrs
                 0 r12 <- Ancestral(AncestralName("stack_bottom"))
                 1 r2 <- Ancestral(AncestralName("CF"))
                 2 r3 <- Ancestral(AncestralName("PF"))
                 3 r4 <- Ancestral(AncestralName("AF"))
                 4 r5 <- Ancestral(AncestralName("ZF"))
                 5 r6 <- Ancestral(AncestralName("SF"))
                 6 r7 <- Ancestral(AncestralName("TF"))
                 7 r8 <- Ancestral(AncestralName("IF"))
                 8 r9 <- Ancestral(AncestralName("DF"))
                 9 r10 <- Ancestral(AncestralName("OF"))
                10 r11 <- Ancestral(AncestralName("RBP"))
                11 r12 <- Ancestral(AncestralName("RSP"))
                12 r13 <- Ancestral(AncestralName("RIP"))
                13 r14 <- Ancestral(AncestralName("RDI"))
                14 r15 <- Ancestral(AncestralName("RSI"))
                15 r16 <- Ancestral(AncestralName("RAX"))
                16 r17 <- Ancestral(AncestralName("RBX"))
                17 r18 <- Ancestral(AncestralName("RCX"))
                18 r19 <- Ancestral(AncestralName("RDX"))
                19 r20 <- Ancestral(AncestralName("R8"))
                20 r21 <- Ancestral(AncestralName("R9"))
                21 r22 <- Ancestral(AncestralName("R10"))
                22 r23 <- Ancestral(AncestralName("R11"))
                23 r24 <- Ancestral(AncestralName("R12"))
                24 r25 <- Ancestral(AncestralName("R13"))
                25 r26 <- Ancestral(AncestralName("R14"))
                26 r27 <- Ancestral(AncestralName("R15"))
                27 r28 <- Ancestral(AncestralName("ZMM0"))
                28 r29 <- Ancestral(AncestralName("ZMM1"))
                29 r30 <- Ancestral(AncestralName("ZMM2"))
                30 r31 <- Ancestral(AncestralName("ZMM3"))
                31 r32 <- Ancestral(AncestralName("ZMM4"))
                32 r33 <- Ancestral(AncestralName("ZMM5"))
                33 r34 <- Ancestral(AncestralName("ZMM6"))
                34 r35 <- Ancestral(AncestralName("ZMM7"))
                35 r36 <- Ancestral(AncestralName("ZMM8"))
                36 r37 <- Ancestral(AncestralName("ZMM9"))
                37 r38 <- Ancestral(AncestralName("ZMM10"))
                38 r39 <- Ancestral(AncestralName("ZMM11"))
                39 r40 <- Ancestral(AncestralName("ZMM12"))
                40 r41 <- Ancestral(AncestralName("ZMM13"))
                41 r42 <- Ancestral(AncestralName("ZMM14"))
                42 r43 <- Ancestral(AncestralName("ZMM15"))
                43 r44 <- Ancestral(AncestralName("memory"))
                44 r45 <- Undefined
                45 r46 <- Undefined
                46 r47 <- Undefined
                47 r48 <- Undefined
                48 r49 <- Undefined
                49 r50 <- Undefined
                50 r51 <- Undefined
                51 r52 <- Undefined
                52 r53 <- Undefined
                53 r54 <- Undefined
                54 r55 <- Undefined
                55 r56 <- Undefined
                56 r57 <- Undefined
                57 r58 <- Undefined
                58 r59 <- Undefined
                59 r60 <- Undefined
                60 r61 <- Undefined
                61 r62 <- Undefined
                62 r63 <- Undefined
                63 r64 <- Undefined
                64 r65 <- Undefined
                65 r45 <- Ancestral(AncestralName("arg0"))
                66 r46 <- Part { src: r45, offset: 0, size: 8 }
                67 r47 <- Part { src: r28, offset: 8, size: 56 }
                68 r28 <- Concat { lo: r46, hi: r47 }
                69 r48 <- Part { src: r45, offset: 8, size: 8 }
                70 r49 <- Part { src: r29, offset: 8, size: 56 }
                71 r29 <- Concat { lo: r48, hi: r49 }
0x401136:
                72 r45 <- Void
                73 r46 <- Part { src: r28, offset: 0, size: 8 }
                74 r45 <- Concat { lo: r45, hi: r46 }
                75 r46 <- Part { src: r29, offset: 0, size: 8 }
                76 r45 <- Concat { lo: r45, hi: r46 }
                77 r45 <- Part { src: r45, offset: 0, size: 16 }
                78 r47 <- SetReturnValue(r45)
                79 r47 <- Control(Ret)


ssa pre-xform:
ssa program  80 instrs
.B0:    ;;  → Always(Return).
         r27 <- Ancestral(AncestralName("ZMM0"))
         r28 <- Ancestral(AncestralName("ZMM1"))
  (  2)  r65 <- Ancestral(AncestralName("arg0"))
         r66 <- Part { src: r65, offset: 0, size: 8 }
         r67 <- Part { src: r27, offset: 8, size: 56 }
         r68 <- Concat { lo: r66, hi: r67 }
         r69 <- Part { src: r65, offset: 8, size: 8 }
         r70 <- Part { src: r28, offset: 8, size: 56 }
         r71 <- Concat { lo: r69, hi: r70 }
         r73 <- Part { src: r68, offset: 0, size: 8 }
         r74 <- Concat { lo: r72, hi: r73 }
         r75 <- Part { src: r71, offset: 0, size: 8 }
         r76 <- Concat { lo: r74, hi: r75 }
         r77 <- Part { src: r76, offset: 0, size: 16 }
         r78 <- SetReturnValue(r77)


cfg:
  entry: BlockID(0)
  BlockID(0) -> Always(Return) [r27, r28, r65, r66, r67, r68, r69, r70, r71, r72, r73, r74, r75, r76, r77, r78]
  domtree:
    BlockID(0)

ssa post-xform:
ssa program  80 instrs
.B0:    ;;  → Always(Return).
         r27 <- Ancestral(AncestralName("ZMM0"))
         r28 <- Ancestral(AncestralName("ZMM1"))
  (  4)  r65 <- Ancestral(AncestralName("arg0"))
         r66 <- Part { src: r65, offset: 0, size: 8 }
         r67 <- Part { src: r27, offset: 8, size: 56 }
         r68 <- Concat { lo: r66, hi: r67 }
         r69 <- Part { src: r65, offset: 8, size: 8 }
         r70 <- Part { src: r28, offset: 8, size: 56 }
         r71 <- Concat { lo: r69, hi: r70 }
  (  2)  r73 <- Part { src: r65, offset: 0, size: 8 }
         r74 <- Get(r73)
         r75 <- Part { src: r65, offset: 8, size: 8 }
  (  2)  r76 <- Concat { lo: r73, hi: r75 }
         r77 <- Get(r76)
         r78 <- SetReturnValue(r76)



T0: {
  let r73: Bytes(8) = pre:arg0[8 .. 0];
  let r76: Bytes(16) = pre:arg0[16 .. 8] ++ r73;
  ;
  return r76
}
