---
source: tests/test_tool.rs
expression: out
---
func054 0x40120b+8 (file 0x120b)
          40120b: 4c 89 c0                mov rax,r8
          40120e: 48 c1 e8 20             shr rax,20h
          401212: c3                      ret

function type: "func054" func (arg0 *void <TypeID(1v1)>,
                               arg1 small <TypeID(784v1)>,
                               arg2 small <TypeID(784v1)>) uint8_t <TypeID(788v1)>
0 warnings.


mil program = 
program  90 instrs
    0 r12 <- Ancestral(AncestralName("stack_bottom"))
    1 r2 <- Ancestral(AncestralName("CF"))
    2 r3 <- Ancestral(AncestralName("PF"))
    3 r4 <- Ancestral(AncestralName("AF"))
    4 r5 <- Ancestral(AncestralName("ZF"))
    5 r6 <- Ancestral(AncestralName("SF"))
    6 r7 <- Ancestral(AncestralName("TF"))
    7 r8 <- Ancestral(AncestralName("IF"))
    8 r9 <- Ancestral(AncestralName("DF"))
    9 r10 <- Ancestral(AncestralName("OF"))
   10 r11 <- Ancestral(AncestralName("RBP"))
   11 r12 <- Ancestral(AncestralName("RSP"))
   12 r13 <- Ancestral(AncestralName("RIP"))
   13 r14 <- Ancestral(AncestralName("RDI"))
   14 r15 <- Ancestral(AncestralName("RSI"))
   15 r16 <- Ancestral(AncestralName("RAX"))
   16 r17 <- Ancestral(AncestralName("RBX"))
   17 r18 <- Ancestral(AncestralName("RCX"))
   18 r19 <- Ancestral(AncestralName("RDX"))
   19 r20 <- Ancestral(AncestralName("R8"))
   20 r21 <- Ancestral(AncestralName("R9"))
   21 r22 <- Ancestral(AncestralName("R10"))
   22 r23 <- Ancestral(AncestralName("R11"))
   23 r24 <- Ancestral(AncestralName("R12"))
   24 r25 <- Ancestral(AncestralName("R13"))
   25 r26 <- Ancestral(AncestralName("R14"))
   26 r27 <- Ancestral(AncestralName("R15"))
   27 r28 <- Ancestral(AncestralName("ZMM0"))
   28 r29 <- Ancestral(AncestralName("ZMM1"))
   29 r30 <- Ancestral(AncestralName("ZMM2"))
   30 r31 <- Ancestral(AncestralName("ZMM3"))
   31 r32 <- Ancestral(AncestralName("ZMM4"))
   32 r33 <- Ancestral(AncestralName("ZMM5"))
   33 r34 <- Ancestral(AncestralName("ZMM6"))
   34 r35 <- Ancestral(AncestralName("ZMM7"))
   35 r36 <- Ancestral(AncestralName("ZMM8"))
   36 r37 <- Ancestral(AncestralName("ZMM9"))
   37 r38 <- Ancestral(AncestralName("ZMM10"))
   38 r39 <- Ancestral(AncestralName("ZMM11"))
   39 r40 <- Ancestral(AncestralName("ZMM12"))
   40 r41 <- Ancestral(AncestralName("ZMM13"))
   41 r42 <- Ancestral(AncestralName("ZMM14"))
   42 r43 <- Ancestral(AncestralName("ZMM15"))
   43 r44 <- Ancestral(AncestralName("memory"))
   44 r45 <- Undefined
   45 r46 <- Undefined
   46 r47 <- Undefined
   47 r48 <- Undefined
   48 r49 <- Undefined
   49 r50 <- Undefined
   50 r51 <- Undefined
   51 r52 <- Undefined
   52 r53 <- Undefined
   53 r54 <- Undefined
   54 r55 <- Undefined
   55 r56 <- Undefined
   56 r57 <- Undefined
   57 r58 <- Undefined
   58 r59 <- Undefined
   59 r60 <- Undefined
   60 r61 <- Undefined
   61 r62 <- Undefined
   62 r63 <- Undefined
   63 r64 <- Undefined
   64 r65 <- Undefined
   65 r45 <- Ancestral(AncestralName("arg0"))
   66 r14 <- Get(r45)
   67 r46 <- Ancestral(AncestralName("arg1"))
   68 r47 <- Part { src: r46, offset: 0, size: 8 }
   69 r15 <- Get(r47)
   70 r48 <- Part { src: r46, offset: 8, size: 8 }
   71 r19 <- Get(r48)
   72 r49 <- Ancestral(AncestralName("arg2"))
   73 r50 <- Part { src: r49, offset: 0, size: 8 }
   74 r18 <- Get(r50)
   75 r51 <- Part { src: r49, offset: 8, size: 8 }
   76 r20 <- Get(r51)
0x40120b:
   77 r16 <- Get(r20)
0x40120e:
   78 r46 <- Const { value: 32, size: 1 }
   79 r46 <- Widen { reg: r46, target_size: 8, sign: false }
   80 r16 <- Arith(Shr, r16, r46)
   81 r16 <- Get(r16)
   82 r6 <- SignOf(r16)
   83 r5 <- IsZero(r16)
   84 r47 <- Part { src: r16, offset: 0, size: 1 }
   85 r3 <- Parity(r47)
0x401212:
   86 r45 <- Void
   87 r45 <- Concat { lo: r45, hi: r16 }
   88 r45 <- Part { src: r45, offset: 0, size: 1 }
   89 r47 <- Ret(r45)


ssa pre-xform:
ssa program  90 instrs
.B0:    ;; .
         r78 <- Const { value: 32, size: 1 }
         r79 <- Widen { reg: r78, target_size: 8, sign: false }
         r72 <- Ancestral(AncestralName("arg2"))
         r75 <- Part { src: r72, offset: 8, size: 8 }
         r80 <- Arith(Shr, r75, r79)
         r86 <- Void
         r87 <- Concat { lo: r86, hi: r80 }
         r88 <- Part { src: r87, offset: 0, size: 1 }
         r89 <- Ret(r88)


cfg:
  entry: BlockID(0)
  BlockID(0) [0:90] -> End
  domtree:
    BlockID(0)

ssa post-xform:
ssa program  90 instrs
.B0:    ;; .
         r78 <- Const { value: 32, size: 1 }
         r79 <- Widen { reg: r78, target_size: 8, sign: false }
         r72 <- Ancestral(AncestralName("arg2"))
         r75 <- Part { src: r72, offset: 8, size: 8 }
         r80 <- Arith(Shr, r75, r79)
         r88 <- Part { src: r80, offset: 0, size: 1 }
         r89 <- Ret(r88)



T0: {
  return (pre:arg2[16 .. 8] >> 32 as u64)[1 .. 0]
}
