---
source: tests/test_tool.rs
expression: out
---
func023 0x40117c+3 (file 0x117c)
          40117c: 89 d0                   mov eax,edx
          40117e: c3                      ret

function type: "func023" func (arg0 small <TypeID(784v1)>,
                               arg1 short <TypeID(779v1)>) short <TypeID(779v1)>
0 warnings.


mil program = 
program  80 instrs
    0 r12 <- Ancestral(AncestralName("stack_bottom"))
    1 r2 <- Ancestral(AncestralName("CF"))
    2 r3 <- Ancestral(AncestralName("PF"))
    3 r4 <- Ancestral(AncestralName("AF"))
    4 r5 <- Ancestral(AncestralName("ZF"))
    5 r6 <- Ancestral(AncestralName("SF"))
    6 r7 <- Ancestral(AncestralName("TF"))
    7 r8 <- Ancestral(AncestralName("IF"))
    8 r9 <- Ancestral(AncestralName("DF"))
    9 r10 <- Ancestral(AncestralName("OF"))
   10 r11 <- Ancestral(AncestralName("RBP"))
   11 r12 <- Ancestral(AncestralName("RSP"))
   12 r13 <- Ancestral(AncestralName("RIP"))
   13 r14 <- Ancestral(AncestralName("RDI"))
   14 r15 <- Ancestral(AncestralName("RSI"))
   15 r16 <- Ancestral(AncestralName("RAX"))
   16 r17 <- Ancestral(AncestralName("RBX"))
   17 r18 <- Ancestral(AncestralName("RCX"))
   18 r19 <- Ancestral(AncestralName("RDX"))
   19 r20 <- Ancestral(AncestralName("R8"))
   20 r21 <- Ancestral(AncestralName("R9"))
   21 r22 <- Ancestral(AncestralName("R10"))
   22 r23 <- Ancestral(AncestralName("R11"))
   23 r24 <- Ancestral(AncestralName("R12"))
   24 r25 <- Ancestral(AncestralName("R13"))
   25 r26 <- Ancestral(AncestralName("R14"))
   26 r27 <- Ancestral(AncestralName("R15"))
   27 r28 <- Ancestral(AncestralName("ZMM0"))
   28 r29 <- Ancestral(AncestralName("ZMM1"))
   29 r30 <- Ancestral(AncestralName("ZMM2"))
   30 r31 <- Ancestral(AncestralName("ZMM3"))
   31 r32 <- Ancestral(AncestralName("ZMM4"))
   32 r33 <- Ancestral(AncestralName("ZMM5"))
   33 r34 <- Ancestral(AncestralName("ZMM6"))
   34 r35 <- Ancestral(AncestralName("ZMM7"))
   35 r36 <- Ancestral(AncestralName("ZMM8"))
   36 r37 <- Ancestral(AncestralName("ZMM9"))
   37 r38 <- Ancestral(AncestralName("ZMM10"))
   38 r39 <- Ancestral(AncestralName("ZMM11"))
   39 r40 <- Ancestral(AncestralName("ZMM12"))
   40 r41 <- Ancestral(AncestralName("ZMM13"))
   41 r42 <- Ancestral(AncestralName("ZMM14"))
   42 r43 <- Ancestral(AncestralName("ZMM15"))
   43 r44 <- Ancestral(AncestralName("memory"))
   44 r45 <- Undefined
   45 r46 <- Undefined
   46 r47 <- Undefined
   47 r48 <- Undefined
   48 r49 <- Undefined
   49 r50 <- Undefined
   50 r51 <- Undefined
   51 r52 <- Undefined
   52 r53 <- Undefined
   53 r54 <- Undefined
   54 r55 <- Undefined
   55 r56 <- Undefined
   56 r57 <- Undefined
   57 r58 <- Undefined
   58 r59 <- Undefined
   59 r60 <- Undefined
   60 r61 <- Undefined
   61 r62 <- Undefined
   62 r63 <- Undefined
   63 r64 <- Undefined
   64 r65 <- Undefined
   65 r45 <- Ancestral(AncestralName("arg0"))
   66 r46 <- Part { src: r45, offset: 0, size: 8 }
   67 r14 <- Get(r46)
   68 r47 <- Part { src: r45, offset: 8, size: 8 }
   69 r15 <- Get(r47)
   70 r48 <- Ancestral(AncestralName("arg1"))
   71 r49 <- Widen { reg: r48, target_size: 8, sign: false }
   72 r19 <- Get(r49)
0x40117c:
   73 r46 <- Part { src: r19, offset: 0, size: 4 }
   74 r47 <- Part { src: r16, offset: 4, size: 4 }
   75 r16 <- Concat { lo: r46, hi: r47 }
0x40117e:
   76 r45 <- Void
   77 r45 <- Concat { lo: r45, hi: r16 }
   78 r45 <- Part { src: r45, offset: 0, size: 2 }
   79 r47 <- Ret(r45)


ssa pre-xform:
ssa program  80 instrs
.B0:    ;; .
         r15 <- Ancestral(AncestralName("RAX"))
         r74 <- Part { src: r15, offset: 4, size: 4 }
         r70 <- Ancestral(AncestralName("arg1"))
         r71 <- Widen { reg: r70, target_size: 8, sign: false }
         r73 <- Part { src: r71, offset: 0, size: 4 }
         r75 <- Concat { lo: r73, hi: r74 }
         r76 <- Void
         r77 <- Concat { lo: r76, hi: r75 }
         r78 <- Part { src: r77, offset: 0, size: 2 }
         r79 <- Ret(r78)


cfg:
  entry: BlockID(0)
  exit: BlockID(1)
  BlockID(0) [0:80] -> Jmp((0, BlockID(1)))
  BlockID(1) [80:80] -> End
  domtree:
    BlockID(0)
    |  BlockID(1)

ssa post-xform:
ssa program  80 instrs
.B0:    ;; .
         r70 <- Ancestral(AncestralName("arg1"))
         r79 <- Ret(r70)



T0: {
  Ret (pre:arg1)
  end
}
